--------- beginning of /dev/log/main
E/macloader( 1527): wifi.mac_addr: check_wifi_address()
E/SYSLINKD( 1524): Entering syslink_daemon.out main function
E/SYSLINKD( 1524): MultiProc_getId remoteId: [0x2]
E/SYSLINKD( 1524): MultiProc_getId remoteId: [0x1]
E/SYSLINKD( 1524): MultiProc_getId procId: [0x2]
E/macloader( 1527): wifi.mac_addr: .mac.info already exist!
E/macloader( 1527): wifi.cid_info: .cid.info already exist!
E/DataRouter( 1520): Main entered
E/DataRouter( 1520): Data Router: INIT+
E/DataRouter( 1520): dr_pcsync_init
E/DataRouter( 1520): dr_init_pcsync_ipc
E/DataRouter( 1520): dr_pcsync_launch
E/DataRouter( 1520): [*] dr_smd_ril_open_client sucess 354b8
E/DataRouter( 1520): [dr_smd_ril_init] dr_smd_ril_open_client successful 
E/DataRouter( 1520): [*] RegisterUnsolicitedHandler() successfully done 
E/DataRouter( 1520): [dr_smd_ril_init] dr_smd_ril_register_UnSol_Hdlr successful 
--------- beginning of /dev/log/system
E/DataRouter( 1520): [*] Connect_RILD() returns 4 retrycount 0
E/DataRouter( 1520): dr_pcsync_monitor
E/DataRouter( 1520): Waiting for connection request
E/DataRouter( 1520):  Value of server socket is 11
E/SYSLINKD( 1524): ProcMgr_open Status [0xca11000]
E/SYSLINKD( 1524): ProcMgr_attach status: [0x97d2000]
E/SYSLINKD( 1524): After attach: ProcMgr_getState
E/SYSLINKD( 1524):     state [0x97d2000]
E/SYSLINKD( 1524): MultiProc_getId procId: [0x1]
E/SYSLINKD( 1524): ProcMgr_open Status [0xca11000]
E/SYSLINKD( 1524): ProcMgr_attach status: [0x97d2000]
E/SYSLINKD( 1524): After attach: ProcMgr_getState
E/SYSLINKD( 1524):     state [0x97d2000]
E/SYSLINKD( 1524): SysM3 Load: loading the SysM3 image /system/ducati/Notify_MPUSYS_reroute_Test_Core0.xem3
E/SYSLINKD( 1524): Starting ProcMgr for procID = 2
E/SYSLINKD( 1524): AppM3 Load: loading the AppM3 image /system/ducati/base_image_app_m3.xem3
E/Netd    ( 1518): -------- Create Direct Instance(1) -----------
E/AndroidRuntime( 1522): /system/csc/customer.xml ==> cannot open file
E/AndroidRuntime( 1522): /system/csc/feature.xml ==> cannot open file
E/SYSLINKD( 1524): Starting ProcMgr for procID = 1
E/SYSLINKD( 1524): SysM3: Creating Ducati DMM pool of size 0x10000000
E/SYSLINKD( 1524): SharedRegion_getNumRegions = 4
E/SYSLINKD( 1524): SharedRegion_entry #0: base = 0x40d92000 len = 0x54000 ownerProcId = 3 isValid = 1 cacheEnable = 0 cacheLineSize = 0x80 createHeap = 1 name = (null)
E/SYSLINKD( 1524): SharedRegion_entry #1: base = 0x40de6000 len = 0xac000 ownerProcId = 3 isValid = 1 cacheEnable = 0 cacheLineSize = 0x80 createHeap = 1 name = (null)
E/SYSLINKD( 1524): SharedRegion_entry #2: base = 0x0 len = 0x0 ownerProcId = 0 isValid = 0 cacheEnable = 1 cacheLineSize = 0x80 createHeap = 0 name = (null)
E/SYSLINKD( 1524): SharedRegion_entry #3: base = 0x0 len = 0x0 ownerProcId = 0 isValid = 0 cacheEnable = 1 cacheLineSize = 0x80 createHeap = 0 name = (null)
E/SYSLINKD( 1524): heapSize = 0x10100
E/SYSLINKD( 1524): Before Memory_alloc = 0x11498
E/SYSLINKD( 1524): Before HeapBufMP_Create: [0x40de6080]
E/SYSLINKD( 1524): heapSize1 = 0x18100
E/SYSLINKD( 1524): Before HeapBufMP_Create: [0x40df6180]
E/SYSLINKD( 1524): === SysLink-IPC setup completed successfully!===
E/SYSLINKD( 1524): ipcSetup succeeded!
E/SYSLINKD( 1524): Create SysM3 event handler thread
E/SYSLINKD( 1524): Create AppM3 event handler thread
E/Zygote  ( 1522): Couldn't find preloaded-classes.
E/DataRouter( 1520): [*] Connect_RILD() returns 4 retrycount 1
E/libEGL  ( 1633): eglSetSwapRectangleANDROID:1919 error 3008 (EGL_BAD_DISPLAY)
E/PowerOnSound( 1645): # int PlaySound()
E/NexPlayerSDK( 1523): Nextreaming NexPlayerSDK Version 1.0.29.10 CHN
E/MediaPlayerService( 1523):   MediaPlayerService::mIsAnyDrmVideoPlaying : 0
E/SurfaceFlinger( 1633): eglSwapBuffers: EGL error 0x3008 (EGL_BAD_DISPLAY)
E/MPLSensor( 1633): could not open the accel irq device node
E/AKMD2   ( 1633): couldn't find 'event6' input device
E/AKMD2   ( 1633): libkam : Unable to load settings file, using defaults.
E/AKMD2   ( 1633): akm_disable_sensor(7)
E/AKMD2   ( 1633): akm_disable_sensor(7)
E/PackageManager( 1633): setPackageList() configFilename:/system/etc/enforcecopyinglibpackages.txt, packageList:[]
E/PackageManager( 1633): There has no files. :/system/etc/enforcecopyinglibpackages.txt
E/DataRouter( 1520): [*] Connect_RILD() returns 4 retrycount 2
E/AlarmManagerService( 1633): android_server_AlarmManagerService_set to type=1, 1329552780.000000000
E/DataRouter( 1520): [*] Connect_RILD() returns 4 retrycount 3
E/OggExtractor( 1523): readNextPacket err -1004
E/Omap4ALSA( 1523): set:: toMono=0
E/OggExtractor( 1523): readNextPacket err -1004
E/OggExtractor( 1523): readNextPacket err -1004
E/OggExtractor( 1523): readNextPacket err -1004
E/OggExtractor( 1523): readNextPacket err -1004
E/OggExtractor( 1523): readNextPacket err -1004
E/OggExtractor( 1523): readNextPacket err -1004
E/OggExtractor( 1523): readNextPacket err -1004
E/OggExtractor( 1523): readNextPacket err -1004
E/OggExtractor( 1523): readNextPacket err -1004
E/OggExtractor( 1523): readNextPacket err -1004
E/TvoutStatusObserver( 1633): HDMI status observer init 
E/TvOut-Observer( 1633): TvOutService
E/TvOut-Observer( 1633): TvoutSetWakeMode is called  SCREEN_ON_DEBUG
E/TvOut-Observer( 1633): TvoutSetWakeMode setting the mode SCREEN_ON_DEBUG mode : 6
E/SensorManager( 1633): =======>>>Sensor Thread RUNNING <<<========
E/lights  ( 1633): write_int failed to open /sys/class/leds/keyboard-backlight/brightness
E/power   ( 1633): *** set_screen_state 1
E/AudioTrack( 1523): stop 0xb58e8
E/AudioTrack( 1523): Stop complete
E/AudioTrack( 1523): Audio track delete
E/AudioTrack( 1523): stop 0xb58e8
E/AudioTrack( 1523): Stop complete
E/AndroidRuntime( 1733): FATAL EXCEPTION: main
E/AndroidRuntime( 1733): java.lang.RuntimeException: Unable to create service com.android.systemui.statusbar.StatusBarService: java.lang.ClassCastException: android.widget.ImageView
E/AndroidRuntime( 1733): 	at android.app.ActivityThread.handleCreateService(ActivityThread.java:1959)
E/AndroidRuntime( 1733): 	at android.app.ActivityThread.access$2500(ActivityThread.java:117)
E/AndroidRuntime( 1733): 	at android.app.ActivityThread$H.handleMessage(ActivityThread.java:989)
E/AndroidRuntime( 1733): 	at android.os.Handler.dispatchMessage(Handler.java:99)
E/AndroidRuntime( 1733): 	at android.os.Looper.loop(Looper.java:130)
E/AndroidRuntime( 1733): 	at android.app.ActivityThread.main(ActivityThread.java:3691)
E/AndroidRuntime( 1733): 	at java.lang.reflect.Method.invokeNative(Native Method)
E/AndroidRuntime( 1733): 	at java.lang.reflect.Method.invoke(Method.java:507)
E/AndroidRuntime( 1733): 	at com.android.internal.os.ZygoteInit$MethodAndArgsCaller.run(ZygoteInit.java:907)
E/AndroidRuntime( 1733): 	at com.android.internal.os.ZygoteInit.main(ZygoteInit.java:665)
E/AndroidRuntime( 1733): 	at dalvik.system.NativeStart.main(Native Method)
E/AndroidRuntime( 1733): Caused by: java.lang.ClassCastException: android.widget.ImageView
E/AndroidRuntime( 1733): 	at com.android.systemui.statusbar.StatusBarService.makeStatusBarView(StatusBarService.java:330)
E/AndroidRuntime( 1733): 	at com.android.systemui.statusbar.StatusBarService.onCreate(StatusBarService.java:251)
E/AndroidRuntime( 1733): 	at android.app.ActivityThread.handleCreateService(ActivityThread.java:1949)
E/AndroidRuntime( 1733): 	... 10 more
E/        ( 1633): Dumpstate > /data/log/dumpstate_app_error
E/DataRouter( 1520): [*] Connect_RILD() returns 4 retrycount 4
E/TvoutStatusObserver( 1633):  HDMI : Release LCD Turn on control 
E/AlarmManagerService( 1633): android_server_AlarmManagerService_set to type=3, 611.300000000
E/NonstaticTelephonyFeature( 1753): getFeatures failed, retrying after timeout...
E/DataRouter( 1520): [*] Connect_RILD() returns 4 retrycount 5
E/dalvikvm( 1794): Could not find class 'com.android.launcher2.WidgetThumbnailView', referenced from method com.android.launcher2.Launcher.setupViews
E/EncryptService( 1633):  onStorageAskPermission Begin! path=/mnt/sdcard, state=booting, m_State=none, LatestError=0
E/EncryptService( 1633):  onStorageAskPermission End! m_State=none, nRet = -100, LatestError=0, Policy=0, Path=/mnt/sdcard
E/action=%s( 1633): android.intent.action.BOOT_COMPLETED
E/AndroidRuntime( 1794): FATAL EXCEPTION: main
E/AndroidRuntime( 1794): java.lang.VerifyError: com.android.launcher2.Launcher
E/AndroidRuntime( 1794): 	at java.lang.Class.newInstanceImpl(Native Method)
E/AndroidRuntime( 1794): 	at java.lang.Class.newInstance(Class.java:1409)
E/AndroidRuntime( 1794): 	at android.app.Instrumentation.newActivity(Instrumentation.java:1021)
E/AndroidRuntime( 1794): 	at android.app.ActivityThread.performLaunchActivity(ActivityThread.java:1565)
E/AndroidRuntime( 1794): 	at android.app.ActivityThread.handleLaunchActivity(ActivityThread.java:1667)
E/AndroidRuntime( 1794): 	at android.app.ActivityThread.access$1500(ActivityThread.java:117)
E/AndroidRuntime( 1794): 	at android.app.ActivityThread$H.handleMessage(ActivityThread.java:935)
E/AndroidRuntime( 1794): 	at android.os.Handler.dispatchMessage(Handler.java:99)
E/AndroidRuntime( 1794): 	at android.os.Looper.loop(Looper.java:130)
E/AndroidRuntime( 1794): 	at android.app.ActivityThread.main(ActivityThread.java:3691)
E/AndroidRuntime( 1794): 	at java.lang.reflect.Method.invokeNative(Native Method)
E/AndroidRuntime( 1794): 	at java.lang.reflect.Method.invoke(Method.java:507)
E/AndroidRuntime( 1794): 	at com.android.internal.os.ZygoteInit$MethodAndArgsCaller.run(ZygoteInit.java:907)
E/AndroidRuntime( 1794): 	at com.android.internal.os.ZygoteInit.main(ZygoteInit.java:665)
E/AndroidRuntime( 1794): 	at dalvik.system.NativeStart.main(Native Method)
E/        ( 1633): Dumpstate > /data/log/dumpstate_app_error
E/NonstaticTelephonyFeature( 1753): getFeatures failed, retrying after timeout...
E/NonstaticTelephonyFeature( 1753): getFeatures failed, retrying after timeout...
E/DataRouter( 1520): [*] Connect_RILD() returns 4 retrycount 6
E/FastDormancy( 1753): [FD] FastDormancy Constructor No plmn
E/Omap4ALSA( 1523): set:: realcall=off
E/ContactsProvider( 1910): Cannot start provider
E/ContactsProvider( 1910): android.content.res.Resources$NotFoundException: String resource ID #0x7f04000a
E/ContactsProvider( 1910): 	at android.content.res.Resources.getText(Resources.java:221)
E/ContactsProvider( 1910): 	at android.content.res.Resources.getString(Resources.java:274)
E/ContactsProvider( 1910): 	at android.content.Context.getString(Context.java:183)
E/ContactsProvider( 1910): 	at com.android.providers.contacts.ContactsDatabaseHelper.createDefaultGroups(ContactsDatabaseHelper.java:1123)
E/ContactsProvider( 1910): 	at com.android.providers.contacts.ContactsDatabaseHelper.onCreate(ContactsDatabaseHelper.java:1107)
E/ContactsProvider( 1910): 	at android.database.sqlite.SQLiteOpenHelper.getWritableDatabase(SQLiteOpenHelper.java:126)
E/ContactsProvider( 1910): 	at com.android.providers.contacts.ContactsDatabaseHelper.getWritableDatabase(ContactsDatabaseHelper.java:2855)
E/ContactsProvider( 1910): 	at android.database.sqlite.SQLiteOpenHelper.getReadableDatabase(SQLiteOpenHelper.java:187)
E/ContactsProvider( 1910): 	at com.android.providers.contacts.LegacyApiSupport.<init>(LegacyApiSupport.java:528)
E/ContactsProvider( 1910): 	at com.android.providers.contacts.ContactsProvider2.initialize(ContactsProvider2.java:2467)
E/ContactsProvider( 1910): 	at com.android.providers.contacts.ContactsProvider2.onCreate(ContactsProvider2.java:2456)
E/ContactsProvider( 1910): 	at android.content.ContentProvider.attachInfo(ContentProvider.java:867)
E/ContactsProvider( 1910): 	at android.app.ActivityThread.installProvider(ActivityThread.java:3562)
E/ContactsProvider( 1910): 	at android.app.ActivityThread.installContentProviders(ActivityThread.java:3317)
E/ContactsProvider( 1910): 	at android.app.ActivityThread.handleBindApplication(ActivityThread.java:3273)
E/ContactsProvider( 1910): 	at android.app.ActivityThread.access$2200(ActivityThread.java:117)
E/ContactsProvider( 1910): 	at android.app.ActivityThread$H.handleMessage(ActivityThread.java:973)
E/ContactsProvider( 1910): 	at android.os.Handler.dispatchMessage(Handler.java:99)
E/ContactsProvider( 1910): 	at android.os.Looper.loop(Looper.java:130)
E/ContactsProvider( 1910): 	at android.app.ActivityThread.main(ActivityThread.java:3691)
E/ContactsProvider( 1910): 	at java.lang.reflect.Method.invokeNative(Native Method)
E/ContactsProvider( 1910): 	at java.lang.reflect.Method.invoke(Method.java:507)
E/ContactsProvider( 1910): 	at com.android.internal.os.ZygoteInit$MethodAndArgsCaller.run(ZygoteInit.java:907)
E/ContactsProvider( 1910): 	at com.android.internal.os.ZygoteInit.main(ZygoteInit.java:665)
E/ContactsProvider( 1910): 	at dalvik.system.NativeStart.main(Native Method)
E/DataRouter( 1520): [*] Connect_RILD()  done 
E/DataRouter( 1520): [dr_smd_ril_init] dr_smd_ril_Connect successful 
E/DataRouter( 1520): [dr_smd_ril_init] dr_smd_ril_Connect successful 
E/DataRouter( 1520): [dr_smd_ril_init] successful 
E/DataRouter( 1520): Data Routerdr_smd_ril_init Successfully done  
E/DataRouter( 1520): this is the 1th MAR build
E/DataRouter( 1520): +
E/DataRouter( 1520): open_socket: channel 57
E/DataRouter( 1520): -
E/DataRouter( 1520): +
E/DataRouter( 1520): Pipe Created   
E/DataRouter( 1520): Pipe Created sucessfully  
E/DataRouter( 1520): Pipe Created   
E/DataRouter( 1520): Launching MassStorage Monitor Thread
E/DataRouter( 1520): Data Router: INIT-
E/DataRouter( 1520): __initialize_usb_ipc
E/DataRouter( 1520): Before the Modem Read select 
E/DataRouter( 1520): Initialise USB and start the thread 
E/DataRouter( 1520): +
E/DataRouter( 1520): USB Interface is open with 0x16
E/DataRouter( 1520): USB interface is now configured for usb_fd = 0x16
E/DataRouter( 1520): -
E/DataRouter( 1520): THREAD LAUNCH 
E/DataRouter( 1520): +
E/DataRouter( 1520): +
E/DataRouter( 1520): USB monitor thread launched, usb_fd= 0x16
E/DataRouter( 1520): Before the while loop 
E/DataRouter( 1520): Before the usb select 
E/AlarmManagerService( 1633): android_server_AlarmManagerService_set to type=2, 22.430000000
E/SISODRM ( 2005): Inside handlePlayreadyInit
E/        ( 2005): This is a GSM device
E/SISODRM ( 2005): Inside handlePlayreadyInit, createHDSAndCerts SUCCESS
E/SISODRM ( 2005): [GPS Time for DRM] registerReceiever GPS_TIME_FOR_DRM
E/STKReceiver( 1753): onReceive android.intent.action.BOOT_COMPLETED
E/MTPRx   ( 2041): In MtpReceiverandroid.intent.action.BOOT_COMPLETED
E/AndroidRuntime( 2057): FATAL EXCEPTION: main
E/AndroidRuntime( 2057): java.lang.RuntimeException: Unable to get provider com.android.mms.data.FestivalSmsProvider: java.lang.ClassNotFoundException: com.android.mms.data.FestivalSmsProvider in loader dalvik.system.PathClassLoader[/system/app/Mms.apk]
E/AndroidRuntime( 2057): 	at android.app.ActivityThread.installProvider(ActivityThread.java:3565)
E/AndroidRuntime( 2057): 	at android.app.ActivityThread.installContentProviders(ActivityThread.java:3317)
E/AndroidRuntime( 2057): 	at android.app.ActivityThread.handleBindApplication(ActivityThread.java:3273)
E/AndroidRuntime( 2057): 	at android.app.ActivityThread.access$2200(ActivityThread.java:117)
E/AndroidRuntime( 2057): 	at android.app.ActivityThread$H.handleMessage(ActivityThread.java:973)
E/AndroidRuntime( 2057): 	at android.os.Handler.dispatchMessage(Handler.java:99)
E/AndroidRuntime( 2057): 	at android.os.Looper.loop(Looper.java:130)
E/AndroidRuntime( 2057): 	at android.app.ActivityThread.main(ActivityThread.java:3691)
E/AndroidRuntime( 2057): 	at java.lang.reflect.Method.invokeNative(Native Method)
E/AndroidRuntime( 2057): 	at java.lang.reflect.Method.invoke(Method.java:507)
E/AndroidRuntime( 2057): 	at com.android.internal.os.ZygoteInit$MethodAndArgsCaller.run(ZygoteInit.java:907)
E/AndroidRuntime( 2057): 	at com.android.internal.os.ZygoteInit.main(ZygoteInit.java:665)
E/AndroidRuntime( 2057): 	at dalvik.system.NativeStart.main(Native Method)
E/AndroidRuntime( 2057): Caused by: java.lang.ClassNotFoundException: com.android.mms.data.FestivalSmsProvider in loader dalvik.system.PathClassLoader[/system/app/Mms.apk]
E/AndroidRuntime( 2057): 	at dalvik.system.PathClassLoader.findClass(PathClassLoader.java:240)
E/AndroidRuntime( 2057): 	at java.lang.ClassLoader.loadClass(ClassLoader.java:551)
E/AndroidRuntime( 2057): 	at java.lang.ClassLoader.loadClass(ClassLoader.java:511)
E/AndroidRuntime( 2057): 	at android.app.ActivityThread.installProvider(ActivityThread.java:3550)
E/AndroidRuntime( 2057): 	... 12 more
E/        ( 1633): Dumpstate > /data/log/dumpstate_app_error
E/AlarmManagerService( 1633): android_server_AlarmManagerService_set to type=0, 1329554346.211000000
E/SetupWizardSkipReceiver( 2112): onReceive android.intent.action.BOOT_COMPLETED
E/DftBootBroadcastReceiver( 2112): SHOULD_SHUT_DOWN_F set complete
E/DftBootBroadcastReceiver( 2112): wrong Action : android.intent.action.BOOT_COMPLETED
E/AndroidRuntime( 1910): FATAL EXCEPTION: main
E/AndroidRuntime( 1910): java.lang.RuntimeException: Unable to instantiate receiver com.android.contacts.PackageChangedReceiver: java.lang.ClassNotFoundException: com.android.contacts.PackageChangedReceiver in loader dalvik.system.PathClassLoader[/system/app/Contacts.apk]
E/AndroidRuntime( 1910): 	at android.app.ActivityThread.handleReceiver(ActivityThread.java:1777)
E/AndroidRuntime( 1910): 	at android.app.ActivityThread.access$2400(ActivityThread.java:117)
E/AndroidRuntime( 1910): 	at android.app.ActivityThread$H.handleMessage(ActivityThread.java:985)
E/AndroidRuntime( 1910): 	at android.os.Handler.dispatchMessage(Handler.java:99)
E/AndroidRuntime( 1910): 	at android.os.Looper.loop(Looper.java:130)
E/AndroidRuntime( 1910): 	at android.app.ActivityThread.main(ActivityThread.java:3691)
E/AndroidRuntime( 1910): 	at java.lang.reflect.Method.invokeNative(Native Method)
E/AndroidRuntime( 1910): 	at java.lang.reflect.Method.invoke(Method.java:507)
E/AndroidRuntime( 1910): 	at com.android.internal.os.ZygoteInit$MethodAndArgsCaller.run(ZygoteInit.java:907)
E/AndroidRuntime( 1910): 	at com.android.internal.os.ZygoteInit.main(ZygoteInit.java:665)
E/AndroidRuntime( 1910): 	at dalvik.system.NativeStart.main(Native Method)
E/AndroidRuntime( 1910): Caused by: java.lang.ClassNotFoundException: com.android.contacts.PackageChangedReceiver in loader dalvik.system.PathClassLoader[/system/app/Contacts.apk]
E/AndroidRuntime( 1910): 	at dalvik.system.PathClassLoader.findClass(PathClassLoader.java:240)
E/AndroidRuntime( 1910): 	at java.lang.ClassLoader.loadClass(ClassLoader.java:551)
E/AndroidRuntime( 1910): 	at java.lang.ClassLoader.loadClass(ClassLoader.java:511)
E/AndroidRuntime( 1910): 	at android.app.ActivityThread.handleReceiver(ActivityThread.java:1768)
E/AndroidRuntime( 1910): 	... 10 more
E/        ( 1633): Dumpstate > /data/log/dumpstate_app_error
E/gps_pal ( 1633): SIRF_PAL_COM_UART_Open Called : /dev/ttyO0    
E/gps_pal ( 1633): UART Port Open Success fd = 253!!!!
E/gps_pal ( 1633): rtn V O 0
E/gps_pal ( 1633): select fail - errno = 4
E/CscParser( 1753): update(): file not exist
E/CscParser( 1753): update(): file not exist
E/CscReceiver( 1753): onReceive android.intent.action.BOOT_COMPLETED
E/CscReceiver( 1753): This is not for CSC
E/power   ( 1633): *** set_screen_state 1
E/MTPRx   ( 2041): In MtpReceiverandroid.intent.action.MEDIA_MOUNTED
E/AlarmManagerService( 1633): android_server_AlarmManagerService_set to type=2, 86423.927000000
E/MediaProvider( 1755): MountService returned externalSd Serial Number : 
E/MountService( 1633): getStorageSerialNumber :: Failed to get root path of mmc /mnt/sdcard/external_sd
E/MediaProvider( 1755): removeMediaDBData called
E/BootReceiver( 2246): registerContentObserver
E/MTPRx   ( 2041): In MtpReceiverandroid.intent.action.UMS_CONNECTED
E/MTPRx   ( 2041): In MtpReceiverandroid.intent.action.MEDIA_SCANNER_STARTED
E/MTPRx   ( 2041): file kieswifi.dat is not found
E/MTPRx   ( 2041): Battery charging. plugType = 2
E/MTPRx   ( 2041): USB charging
E/MTPRx   ( 2041): usb mode = 2
E/MTPRx   ( 2041): Not in media player mode
E/DEVICE_PROVISIONED : ( 2015): DEVICE_PROVISIONED : 1
E/MTPRx   ( 2041): In MtpReceiverandroid.intent.action.MEDIA_SCANNER_FINISHED
E/BootReceiver( 2246): Ignore first ACTION_MEDIA_SCANNER_FINISHED
E/CscReceiver( 1753): onReceive android.intent.action.MEDIA_SCANNER_FINISHED
E/CscReceiver( 1753): This is not for CSC
E/AlarmManagerService( 1633): android_server_AlarmManagerService_set to type=2, 30.857000000
E/MTPRx   ( 2041): In MtpReceiverandroid.intent.action.MEDIA_SCANNER_STARTED
E/MTPRx   ( 2041): file kieswifi.dat is not found
E/MTPRx   ( 2041): Battery charging. plugType = 2
E/MTPRx   ( 2041): USB charging
E/MTPRx   ( 2041): usb mode = 2
E/MTPRx   ( 2041): Not in media player mode
E/SMSDispatcher( 1753): intent.getAction() : android.provider.Telephony.GET_SMSC
E/MediaScanner( 1755): Cannot get device path from mount info. Check SD Unmounted.
E/MediaScanner( 1755): Cannot get device path from mount info. Check SD Unmounted.
E/DEVICE_PROVISIONED : ( 2015): DEVICE_PROVISIONED : 1
E/MTPRx   ( 2041): In MtpReceiverandroid.intent.action.MEDIA_SCANNER_FINISHED
E/CscReceiver( 1753): onReceive android.intent.action.MEDIA_SCANNER_FINISHED
E/CscReceiver( 1753): This is not for CSC
E/gps_pal ( 1633): SIRF_PAL_COM_UART_Close Called
E/gps_pal ( 1633): select fail - errno = 4
E/gps_pal ( 1633): UART Port Close result =0
E/gps_pal ( 1633): rtn V C 0
E/GpsLocationProvider( 1633): GetMiscInterface
E/GpsLocationProvider( 1633): android_location_GpsLocationProvider_init
E/PowerManagerService( 1633): CurLock p:2 mPS:7
E/PowerManagerService( 1633): CurLock p:2 mPS:7
E/AlarmManagerService( 1633): android_server_AlarmManagerService_set to type=2, 86430.860000000
E/power   ( 1633): *** set_screen_state 0
E/MPLSensor( 1633): MLUpdateData error (code 26)
E/power   ( 1633): *** set_screen_state 1
E/power   ( 1633): *** set_screen_state 0
E/MPLSensor( 1633): MLUpdateData error (code 26)
E/power   ( 1633): *** set_screen_state 1
E/KeyguardViewMediator( 1633): Phone is boot completed. so can broadcast
E/MTPRx   ( 2041): In MtpReceiverandroid.intent.action.USER_PRESENT
E/MTPRx   ( 2041): file kieswifi.dat is not found
E/MTPRx   ( 2041): Battery charging. plugType = 2
E/MTPRx   ( 2041): USB charging
E/MTPRx   ( 2041): usb mode = 2
E/MTPRx   ( 2041): Not in media player mode
E/AudioTrack( 1633): stop 0x3c2160
E/AudioTrack( 1633): Stop complete
E/AudioTrack( 1633): Audio track delete
E/AudioTrack( 1633): stop 0x3c2160
E/AudioTrack( 1633): Stop complete
E/AudioTrack( 1633): Audio track exit start
E/AudioTrack( 1633): Audio track exit done
E/AudioTrack( 1633): stop 0x264548
E/AudioTrack( 1633): Stop complete
E/AudioTrack( 1633): Audio track delete
E/AudioTrack( 1633): stop 0x264548
E/AudioTrack( 1633): Stop complete
E/AudioTrack( 1633): Audio track exit start
E/AudioTrack( 1633): Audio track exit done
E/DataRouter( 1520): usb connection is true 
E/DataRouter( 1520): InvokeOemRequestHookRaw usbstatus true is success
E/DataRouter( 1520): __initialize_usb_ipc before accept 
E/dalvikvm( 2397): Could not find class 'com.android.launcher2.WidgetThumbnailView', referenced from method com.android.launcher2.Launcher.setupViews
E/DataRouter( 1520): [*] dr_smd_dsr_event_hdlr event received  is received 
E/DataRouter( 1520): data pin is DSR 
E/DataRouter( 1520): DSR pinstatus is ON 
E/        ( 1633): Dumpstate > /data/log/dumpstate_app_error
E/AndroidRuntime( 2397): FATAL EXCEPTION: main
E/AndroidRuntime( 2397): java.lang.VerifyError: com.android.launcher2.Launcher
E/AndroidRuntime( 2397): 	at java.lang.Class.newInstanceImpl(Native Method)
E/AndroidRuntime( 2397): 	at java.lang.Class.newInstance(Class.java:1409)
E/AndroidRuntime( 2397): 	at android.app.Instrumentation.newActivity(Instrumentation.java:1021)
E/AndroidRuntime( 2397): 	at android.app.ActivityThread.performLaunchActivity(ActivityThread.java:1565)
E/AndroidRuntime( 2397): 	at android.app.ActivityThread.handleLaunchActivity(ActivityThread.java:1667)
E/AndroidRuntime( 2397): 	at android.app.ActivityThread.access$1500(ActivityThread.java:117)
E/AndroidRuntime( 2397): 	at android.app.ActivityThread$H.handleMessage(ActivityThread.java:935)
E/AndroidRuntime( 2397): 	at android.os.Handler.dispatchMessage(Handler.java:99)
E/AndroidRuntime( 2397): 	at android.os.Looper.loop(Looper.java:130)
E/AndroidRuntime( 2397): 	at android.app.ActivityThread.main(ActivityThread.java:3691)
E/AndroidRuntime( 2397): 	at java.lang.reflect.Method.invokeNative(Native Method)
E/AndroidRuntime( 2397): 	at java.lang.reflect.Method.invoke(Method.java:507)
E/AndroidRuntime( 2397): 	at com.android.internal.os.ZygoteInit$MethodAndArgsCaller.run(ZygoteInit.java:907)
E/AndroidRuntime( 2397): 	at com.android.internal.os.ZygoteInit.main(ZygoteInit.java:665)
E/AndroidRuntime( 2397): 	at dalvik.system.NativeStart.main(Native Method)
E/AudioTrack( 1633): stop 0x3c2160
E/AudioTrack( 1633): Stop complete
E/AlarmManagerService( 1633): android_server_AlarmManagerService_set to type=1, 1329624000.000000000
E/AlarmManagerService( 1633): android_server_AlarmManagerService_set to type=1, 1329552840.000000000
E/AudioTrack( 1633): Audio track delete
E/AudioTrack( 1633): stop 0x3c2160
E/AudioTrack( 1633): Stop complete
E/AudioTrack( 1633): Audio track exit start
E/AudioTrack( 1633): Audio track exit done
E/AudioTrack( 1633): stop 0x3ba2c8
E/AudioTrack( 1633): Stop complete
E/AudioTrack( 1633): Audio track delete
E/AudioTrack( 1633): stop 0x3ba2c8
E/AudioTrack( 1633): Stop complete
E/AudioTrack( 1633): Audio track exit start
E/AudioTrack( 1633): Audio track exit done
E/dalvikvm( 2435): Could not find class 'com.android.launcher2.WidgetThumbnailView', referenced from method com.android.launcher2.Launcher.setupViews
E/AudioTrack( 1633): stop 0x2c26a0
E/AudioTrack( 1633): Stop complete
E/        ( 1633): Dumpstate > /data/log/dumpstate_app_error
E/AndroidRuntime( 2435): FATAL EXCEPTION: main
E/AndroidRuntime( 2435): java.lang.VerifyError: com.android.launcher2.Launcher
E/AndroidRuntime( 2435): 	at java.lang.Class.newInstanceImpl(Native Method)
E/AndroidRuntime( 2435): 	at java.lang.Class.newInstance(Class.java:1409)
E/AndroidRuntime( 2435): 	at android.app.Instrumentation.newActivity(Instrumentation.java:1021)
E/AndroidRuntime( 2435): 	at android.app.ActivityThread.performLaunchActivity(ActivityThread.java:1565)
E/AndroidRuntime( 2435): 	at android.app.ActivityThread.handleLaunchActivity(ActivityThread.java:1667)
E/AndroidRuntime( 2435): 	at android.app.ActivityThread.access$1500(ActivityThread.java:117)
E/AndroidRuntime( 2435): 	at android.app.ActivityThread$H.handleMessage(ActivityThread.java:935)
E/AndroidRuntime( 2435): 	at android.os.Handler.dispatchMessage(Handler.java:99)
E/AndroidRuntime( 2435): 	at android.os.Looper.loop(Looper.java:130)
E/AndroidRuntime( 2435): 	at android.app.ActivityThread.main(ActivityThread.java:3691)
E/AndroidRuntime( 2435): 	at java.lang.reflect.Method.invokeNative(Native Method)
E/AndroidRuntime( 2435): 	at java.lang.reflect.Method.invoke(Method.java:507)
E/AndroidRuntime( 2435): 	at com.android.internal.os.ZygoteInit$MethodAndArgsCaller.run(ZygoteInit.java:907)
E/AndroidRuntime( 2435): 	at com.android.internal.os.ZygoteInit.main(ZygoteInit.java:665)
E/AndroidRuntime( 2435): 	at dalvik.system.NativeStart.main(Native Method)
E/UiCloningService( 1633): onRotationChanged +: rotation=3
E/UiCloningService( 1633): actual mRotation=1 and from sys prop mRotation=1
E/UiCloningService( 1633): onRotationChanged -: mRotation=1
E/TvOut-Observer( 1633): TvoutSetOrientation
E/FastDormancy( 1753): [FD] provider data area
E/Database( 1753): SELECT locale FROM android_metadata failed
E/UiCloningService( 1633): onRotationChanged +: rotation=0
E/UiCloningService( 1633): actual mRotation=0 and from sys prop mRotation=1
E/UiCloningService( 1633): onRotationChanged -: mRotation=0
E/TvOut-Observer( 1633): TvoutSetOrientation
E/Database( 1753): Failed to setLocale() when constructing, closing the database
E/Database( 1753): android.database.sqlite.SQLiteException: no such table: android_metadata
E/Database( 1753): 	at android.database.sqlite.SQLiteDatabase.native_setLocale(Native Method)
E/Database( 1753): 	at android.database.sqlite.SQLiteDatabase.setLocale(SQLiteDatabase.java:2148)
E/Database( 1753): 	at android.database.sqlite.SQLiteDatabase.<init>(SQLiteDatabase.java:1996)
E/Database( 1753): 	at android.database.sqlite.SQLiteDatabase.openDatabase(SQLiteDatabase.java:905)
E/Database( 1753): 	at com.android.internal.telephony.gsm.FastDorm.readNwkinfoDb(FastDorm.java:294)
E/Database( 1753): 	at com.android.internal.telephony.gsm.FastDorm.init(FastDorm.java:127)
E/Database( 1753): 	at com.android.internal.telephony.gsm.FastDormDataStatistics.initDormancyValues(FastDormDataStatistics.java:335)
E/Database( 1753): 	at com.android.internal.telephony.gsm.FastDormDataStatistics.startFastDorm(FastDormDataStatistics.java:182)
E/Database( 1753): 	at com.android.internal.telephony.gsm.GsmMultiDataConnectionTracker.notifyDefaultData(GsmMultiDataConnectionTracker.java:1169)
E/Database( 1753): 	at com.android.internal.telephony.gsm.GsmMultiDataConnectionTracker.onDataSetupComplete(GsmMultiDataConnectionTracker.java:1849)
E/Database( 1753): 	at com.android.internal.telephony.DataConnectionTracker.handleMessage(DataConnectionTracker.java:330)
E/Database( 1753): 	at com.android.internal.telephony.gsm.GsmMultiDataConnectionTracker.handleMessage(GsmMultiDataConnectionTracker.java:2444)
E/Database( 1753): 	at android.os.Handler.dispatchMessage(Handler.java:99)
E/Database( 1753): 	at android.os.Looper.loop(Looper.java:130)
E/Database( 1753): 	at android.app.ActivityThread.main(ActivityThread.java:3691)
E/Database( 1753): 	at java.lang.reflect.Method.invokeNative(Native Method)
E/Database( 1753): 	at java.lang.reflect.Method.invoke(Method.java:507)
E/Database( 1753): 	at com.android.internal.os.ZygoteInit$MethodAndArgsCaller.run(ZygoteInit.java:907)
E/Database( 1753): 	at com.android.internal.os.ZygoteInit.main(ZygoteInit.java:665)
E/Database( 1753): 	at dalvik.system.NativeStart.main(Native Method)
E/FastDormancy( 1753): [FD] nwk info db open exception
E/FastDormancy( 1753): [FD] setDormancyTime: 46000
E/FastDormancy( 1753): [FD] There's no mDormDb in setDormancyTime
E/SurfaceFlinger( 1633): Orentation is changed for HDMI 
E/SurfaceFlinger( 1633): CloneUiSetRotation: UI is Not Cloned. Do Nothing
E/AudioTrack( 1633): Audio track delete
E/AudioTrack( 1633): stop 0x2c26a0
E/AudioTrack( 1633): Stop complete
E/AudioTrack( 1633): Audio track exit start
E/AudioTrack( 1633): Audio track exit done
E/AudioTrack( 1633): stop 0x3d8d00
E/AudioTrack( 1633): Stop complete
E/dalvikvm( 2477): Could not find class 'com.android.launcher2.WidgetThumbnailView', referenced from method com.android.launcher2.Launcher.setupViews
E/        ( 1633): Dumpstate > /data/log/dumpstate_app_error
E/AndroidRuntime( 2477): FATAL EXCEPTION: main
E/AndroidRuntime( 2477): java.lang.VerifyError: com.android.launcher2.Launcher
E/AndroidRuntime( 2477): 	at java.lang.Class.newInstanceImpl(Native Method)
E/AndroidRuntime( 2477): 	at java.lang.Class.newInstance(Class.java:1409)
E/AndroidRuntime( 2477): 	at android.app.Instrumentation.newActivity(Instrumentation.java:1021)
E/AndroidRuntime( 2477): 	at android.app.ActivityThread.performLaunchActivity(ActivityThread.java:1565)
E/AndroidRuntime( 2477): 	at android.app.ActivityThread.handleLaunchActivity(ActivityThread.java:1667)
E/AndroidRuntime( 2477): 	at android.app.ActivityThread.access$1500(ActivityThread.java:117)
E/AndroidRuntime( 2477): 	at android.app.ActivityThread$H.handleMessage(ActivityThread.java:935)
E/AndroidRuntime( 2477): 	at android.os.Handler.dispatchMessage(Handler.java:99)
E/AndroidRuntime( 2477): 	at android.os.Looper.loop(Looper.java:130)
E/AndroidRuntime( 2477): 	at android.app.ActivityThread.main(ActivityThread.java:3691)
E/AndroidRuntime( 2477): 	at java.lang.reflect.Method.invokeNative(Native Method)
E/AndroidRuntime( 2477): 	at java.lang.reflect.Method.invoke(Method.java:507)
E/AndroidRuntime( 2477): 	at com.android.internal.os.ZygoteInit$MethodAndArgsCaller.run(ZygoteInit.java:907)
E/AndroidRuntime( 2477): 	at com.android.internal.os.ZygoteInit.main(ZygoteInit.java:665)
E/AndroidRuntime( 2477): 	at dalvik.system.NativeStart.main(Native Method)
